2025-07-24 21:07:21 [ERROR] 投稿試行 1 回目でエラー: 
2025-07-24 22:01:32 [ERROR] 投稿試行 1 回目でエラー: 
2025-07-24 22:01:34 [ERROR] 投稿試行 2 回目でエラー: 
2025-07-24 22:01:37 [ERROR] 投稿試行 3 回目でエラー: 
2025-07-24 22:06:20 [ERROR] 投稿試行 1 回目でエラー: 
2025-07-24 22:06:23 [ERROR] 投稿試行 2 回目でエラー: 
2025-07-24 22:06:26 [ERROR] 投稿試行 3 回目でエラー: 
2025-07-24 22:08:16 [ERROR] 投稿試行 1 回目でエラー: 
2025-07-24 22:08:18 [ERROR] 投稿試行 2 回目でエラー: 
2025-07-24 22:08:21 [ERROR] 投稿試行 3 回目でエラー: 
2025-07-24 22:41:28,713 [ERROR] [投稿エラー] 403 Forbidden
453 - You currently have access to a subset of X API V2 endpoints and limited v1.1 endpoints (e.g. media post, oauth) only. If you need access to this endpoint, you may need a different access level. You can learn more here: https://developer.x.com/en/portal/product
